/*C4*/SET SCHEMA PUBLIC
DISCONNECT
/*C5*/SET SCHEMA PUBLIC
CREATE TABLE banks (\u000a    id UUID NOT NULL,\u000a    name VARCHAR(255),\u000a    PRIMARY KEY (id)\u000a)
CREATE TABLE clients (\u000a    id UUID NOT NULL,\u000a    name VARCHAR(255),\u000a    surname VARCHAR(255),\u000a    patronymic VARCHAR(255),\u000a    phone VARCHAR(255),\u000a    email VARCHAR(255),\u000a    passport VARCHAR(255),\u000a    bank_id UUID,\u000a    PRIMARY KEY (id),\u000a    FOREIGN KEY (bank_id) REFERENCES banks(id) ON DELETE NO ACTION ON UPDATE NO ACTION\u000a    )
CREATE TABLE credits (\u000a    id UUID NOT NULL,\u000a    limit INT,\u000a    percent FLOAT,\u000a    bank_id UUID,\u000a    PRIMARY KEY (id),\u000a    FOREIGN KEY (bank_id) REFERENCES banks(id) ON DELETE CASCADE ON UPDATE CASCADE\u000a)
CREATE TABLE schedule_of_payments (\u000a    schedule_id UUID NOT NULL,\u000a    date_of_payment DATE,\u000a    payment_sum INT,\u000a    sum_damping_credit INT,\u000a    sum_damping_percents INT,\u000a    PRIMARY KEY (schedule_id)\u000a)
CREATE TABLE credit_offers (\u000a    id UUID NOT NULL,\u000a    client_id UUID,\u000a    credit_id UUID,\u000a    credit_sum INT,\u000a    schedule_of_payments UUID,\u000a    PRIMARY KEY (id),\u000a    FOREIGN KEY (client_id) REFERENCES clients(id) ON DELETE CASCADE ON UPDATE CASCADE,\u000a    FOREIGN KEY (credit_id) REFERENCES credits(id),\u000a    FOREIGN KEY (schedule_of_payments) REFERENCES schedule_of_payments(schedule_id) ON DELETE CASCADE ON UPDATE CASCADE\u000a    )
DISCONNECT
/*C6*/SET SCHEMA PUBLIC
DISCONNECT
/*C7*/SET SCHEMA PUBLIC
INSERT INTO BANKS VALUES('1d52c0a1-052b-7f88-cbf1-5afed24a6cbf','Dis Parturient Bank')
COMMIT
INSERT INTO BANKS VALUES('7bb6c588-555c-8ee0-20d6-d36f2823f18f','Tellus Limited Bank')
COMMIT
DISCONNECT
/*C8*/SET SCHEMA PUBLIC
DISCONNECT
/*C9*/SET SCHEMA PUBLIC
INSERT INTO CLIENTS VALUES('41ee4d74-6397-2ab8-e0d7-0dc315b3faca','Hermione','Blackwell','Xander','1-304-302-7119','In.mi.pede@ornaretortorat.co.uk','16960318 8955','1d52c0a1-052b-7f88-cbf1-5afed24a6cbf')
COMMIT
INSERT INTO CLIENTS VALUES('c08f4442-20c3-9e70-b09e-78a52c3f1dd0','Lyle','Riggs','Barrett','1-630-687-4236','netus.et.malesuada@arcueuodio.ca','16941209 1515','1d52c0a1-052b-7f88-cbf1-5afed24a6cbf')
COMMIT
INSERT INTO CLIENTS VALUES('5e600e35-5102-a13d-ba1b-fb895fd602b1','Travis','Washington','Yardley','1-679-470-9608','a@nascetur.co.uk','16860617 4004','1d52c0a1-052b-7f88-cbf1-5afed24a6cbf')
COMMIT
INSERT INTO CLIENTS VALUES('272e4706-3e4f-de3b-5a6b-0426535ff874','Abbot','Acevedo','Derek','1-330-466-6929','Maecenas.libero@Duis.net','16341130 2270','1d52c0a1-052b-7f88-cbf1-5afed24a6cbf')
COMMIT
INSERT INTO CLIENTS VALUES('23411139-30b6-5588-6f59-f8b69636a1e8','Lacey','Kirby','Cadman','1-770-965-3269','felis@mollisPhaselluslibero.ca','16960626 8937','1d52c0a1-052b-7f88-cbf1-5afed24a6cbf')
COMMIT
INSERT INTO CLIENTS VALUES('9b2470d4-63a9-c5e5-9357-9a2f4a37222d','Jessica','Conway','Erasmus','1-950-154-3395','posuere.at.velit@aliquamarcuAliquam.ca','16621115 4262','1d52c0a1-052b-7f88-cbf1-5afed24a6cbf')
COMMIT
INSERT INTO CLIENTS VALUES('6d1d2e82-ca99-3556-7e80-51c8e3a3892b','Hilel','Price','Amos','1-357-785-1960','Donec@elitsed.edu','16011204 2726','1d52c0a1-052b-7f88-cbf1-5afed24a6cbf')
COMMIT
INSERT INTO CLIENTS VALUES('e8975179-9d5b-e52b-e5ee-7ecbaba9a2d4','Illiana','Klein','Denton','1-349-702-3802','eu@famesacturpis.org','16500306 4515','1d52c0a1-052b-7f88-cbf1-5afed24a6cbf')
COMMIT
INSERT INTO CLIENTS VALUES('e186552e-acfd-3800-3c79-3a03e4bbee37','Mia','Rosa','Guy','1-127-508-7738','mollis.dui.in@ametnullaDonec.net','16681126 8678','1d52c0a1-052b-7f88-cbf1-5afed24a6cbf')
COMMIT
INSERT INTO CLIENTS VALUES('148b52f0-e57a-6ad6-293d-5b613aea6cb3','Amal','Puckett','Galvin','1-459-237-3474','fringilla.porttitor@bibendum.org','16110729 7473','1d52c0a1-052b-7f88-cbf1-5afed24a6cbf')
COMMIT
INSERT INTO CLIENTS VALUES('316c80d3-e168-7641-afc2-bc84e4766f9a','Farrah','Zamora','Caldwell','1-303-208-2094','Aliquam.nec.enim@arcu.org','16160124 1191','7bb6c588-555c-8ee0-20d6-d36f2823f18f')
COMMIT
INSERT INTO CLIENTS VALUES('833c095e-3bdd-61c5-2161-baa29bc029cd','Dieter','Haney','Sawyer','1-461-438-3751','eleifend@vitaealiquameros.org','16790230 2525','7bb6c588-555c-8ee0-20d6-d36f2823f18f')
COMMIT
INSERT INTO CLIENTS VALUES('ce63cd5d-700a-acb7-fb70-77e2292777fc','Rooney','Estrada','Odysseus','1-976-106-3069','feugiat.nec.diam@pulvinararcuet.co.uk','16700626 2187','7bb6c588-555c-8ee0-20d6-d36f2823f18f')
COMMIT
INSERT INTO CLIENTS VALUES('ff4637f0-4bcd-7772-b0f9-ef6fa51649b7','Shad','Hopper','Paul','1-873-631-4871','lorem@a.com','16140724 7095','7bb6c588-555c-8ee0-20d6-d36f2823f18f')
COMMIT
INSERT INTO CLIENTS VALUES('9060ad28-fcda-ee16-67ba-468f8f0e49b3','Demetria','Carrillo','Myles','1-348-922-7559','augue.id.ante@nuncsit.org','16540511 3928','7bb6c588-555c-8ee0-20d6-d36f2823f18f')
COMMIT
INSERT INTO CLIENTS VALUES('fd72079e-642c-a55d-dc66-05f2757db47d','Fuller','Albert','Reece','1-133-522-5724','lacus@idnunc.com','16591108 2419','7bb6c588-555c-8ee0-20d6-d36f2823f18f')
COMMIT
INSERT INTO CLIENTS VALUES('78bc045c-effb-8212-8e15-6608b3d1c97d','Winifred','Compton','Vincent','1-248-999-1232','risus.at.fringilla@rutrumeuultrices.org','16070921 7335','7bb6c588-555c-8ee0-20d6-d36f2823f18f')
COMMIT
INSERT INTO CLIENTS VALUES('41305550-31d3-e4c0-fb3d-cb44c5b05537','Desiree','Strickland','Abel','1-816-187-5476','accumsan.convallis.ante@cursusin.edu','16461217 7693','7bb6c588-555c-8ee0-20d6-d36f2823f18f')
COMMIT
INSERT INTO CLIENTS VALUES('4bb6c1f2-a89d-f535-6b57-938833b9ed48','Brendan','Orr','Castor','1-189-267-3314','egestas.a.dui@bibendumsed.edu','16890816 1964','7bb6c588-555c-8ee0-20d6-d36f2823f18f')
COMMIT
INSERT INTO CLIENTS VALUES('95adaf14-84bb-2c42-5772-6eafa7dc635a','Christopher','Workman','Kaseem','1-664-734-2315','Aliquam.erat.volutpat@commodo.ca','16481205 1185','7bb6c588-555c-8ee0-20d6-d36f2823f18f')
COMMIT
DISCONNECT
/*C10*/SET SCHEMA PUBLIC
DISCONNECT
/*C11*/SET SCHEMA PUBLIC
INSERT INTO CREDITS VALUES('aa9a9f68-150e-666d-15c6-afc585e853f3',789249,8.0E0,'1d52c0a1-052b-7f88-cbf1-5afed24a6cbf')
COMMIT
INSERT INTO CREDITS VALUES('4ff7d80d-34ed-7974-55bf-2b013d78f4ba',144752,16.0E0,'1d52c0a1-052b-7f88-cbf1-5afed24a6cbf')
COMMIT
INSERT INTO CREDITS VALUES('72f1a08a-8b94-2c19-8455-ad9fdce980fe',857475,14.0E0,'1d52c0a1-052b-7f88-cbf1-5afed24a6cbf')
COMMIT
INSERT INTO CREDITS VALUES('b5ebdc46-a920-8c1d-5f63-af5d0768b61f',217855,15.0E0,'1d52c0a1-052b-7f88-cbf1-5afed24a6cbf')
COMMIT
INSERT INTO CREDITS VALUES('76c43e46-75a0-8459-1a0f-c26077f7b9b3',739874,9.0E0,'1d52c0a1-052b-7f88-cbf1-5afed24a6cbf')
COMMIT
INSERT INTO CREDITS VALUES('94e9edb7-0fd1-d0d4-edb8-a26aa035cb24',753556,10.0E0,'1d52c0a1-052b-7f88-cbf1-5afed24a6cbf')
COMMIT
INSERT INTO CREDITS VALUES('9561391d-c50b-7d72-bdf8-683d048c31ff',563704,15.0E0,'1d52c0a1-052b-7f88-cbf1-5afed24a6cbf')
COMMIT
INSERT INTO CREDITS VALUES('23ab2297-f92d-a5c5-9c4e-55947ac6baff',892267,14.0E0,'1d52c0a1-052b-7f88-cbf1-5afed24a6cbf')
COMMIT
INSERT INTO CREDITS VALUES('cfc5ca1f-5fcc-16bb-7f14-e92955469293',509180,18.0E0,'1d52c0a1-052b-7f88-cbf1-5afed24a6cbf')
COMMIT
INSERT INTO CREDITS VALUES('932dd65b-4ff8-ca34-365b-34c9c0c7fca5',213851,8.0E0,'1d52c0a1-052b-7f88-cbf1-5afed24a6cbf')
COMMIT
INSERT INTO CREDITS VALUES('1b681187-34a1-0d80-aa3b-48fcedce8767',79419,15.0E0,'7bb6c588-555c-8ee0-20d6-d36f2823f18f')
COMMIT
INSERT INTO CREDITS VALUES('77bd6468-3b2f-bfb8-f8b7-9f6beff2e0e5',90977,11.0E0,'7bb6c588-555c-8ee0-20d6-d36f2823f18f')
COMMIT
INSERT INTO CREDITS VALUES('143a88bf-be61-3dac-81bd-ed14c0cdc432',190508,20.0E0,'7bb6c588-555c-8ee0-20d6-d36f2823f18f')
COMMIT
INSERT INTO CREDITS VALUES('f6592036-c1ed-01a2-6d62-f3193ea93c21',728902,9.0E0,'7bb6c588-555c-8ee0-20d6-d36f2823f18f')
COMMIT
INSERT INTO CREDITS VALUES('eeba7d03-cadb-1546-4a5e-892c44c888b5',360233,14.0E0,'7bb6c588-555c-8ee0-20d6-d36f2823f18f')
COMMIT
INSERT INTO CREDITS VALUES('287576f6-64a2-bdd0-d8a0-30e196a53b22',843686,13.0E0,'7bb6c588-555c-8ee0-20d6-d36f2823f18f')
COMMIT
INSERT INTO CREDITS VALUES('a7990d30-ac94-78c5-ff51-2f4132002e23',366422,8.0E0,'7bb6c588-555c-8ee0-20d6-d36f2823f18f')
COMMIT
INSERT INTO CREDITS VALUES('f40e86b2-1adf-dabc-acfc-a4aa65dc9a5d',661680,11.0E0,'7bb6c588-555c-8ee0-20d6-d36f2823f18f')
COMMIT
INSERT INTO CREDITS VALUES('3921157d-2f0b-4239-5090-c68c0864d07b',85426,20.0E0,'7bb6c588-555c-8ee0-20d6-d36f2823f18f')
COMMIT
INSERT INTO CREDITS VALUES('cfea99ab-a54c-3b3d-289d-b6cb6035368d',765904,17.0E0,'7bb6c588-555c-8ee0-20d6-d36f2823f18f')
COMMIT
INSERT INTO CREDITS VALUES('d468d865-6caf-9591-339a-7ec5b6421802',54579,13.0E0,'7bb6c588-555c-8ee0-20d6-d36f2823f18f')
COMMIT
DISCONNECT
/*C12*/SET SCHEMA PUBLIC
DISCONNECT
/*C13*/SET SCHEMA PUBLIC
INSERT INTO SCHEDULE_OF_PAYMENTS VALUES('b77d65ad-0cd2-1406-02de-0b7d53b0325b','2020-03-24',2750,356873,180235)
COMMIT
INSERT INTO SCHEDULE_OF_PAYMENTS VALUES('7498ee28-778b-ed06-c124-32b243eae726','2021-07-10',4637,635953,190450)
COMMIT
INSERT INTO SCHEDULE_OF_PAYMENTS VALUES('926413ac-5fdd-3793-1573-e4446272f1e0','2021-07-22',2395,742455,178788)
COMMIT
INSERT INTO SCHEDULE_OF_PAYMENTS VALUES('9ff41a53-4733-298e-8365-7c42518d7c33','2020-05-24',4531,241147,143830)
COMMIT
INSERT INTO SCHEDULE_OF_PAYMENTS VALUES('af32d342-8f99-a4c3-dbcf-1aaf3acc5a9f','2021-06-13',5872,573171,197366)
COMMIT
INSERT INTO SCHEDULE_OF_PAYMENTS VALUES('55a27305-c13b-b661-11a9-307dcbc2d83c','2021-08-30',6033,498438,136045)
COMMIT
INSERT INTO SCHEDULE_OF_PAYMENTS VALUES('593eb63d-4e47-f1b7-dc54-d8e9d69691f1','2020-12-05',14654,931906,103557)
COMMIT
INSERT INTO SCHEDULE_OF_PAYMENTS VALUES('654f3436-b525-396a-e8d0-7cc308714d85','2020-09-05',4120,737385,147298)
COMMIT
INSERT INTO SCHEDULE_OF_PAYMENTS VALUES('9fb047d4-3f4a-e55a-70f0-988fb515c25e','2020-03-30',2050,551210,100305)
COMMIT
INSERT INTO SCHEDULE_OF_PAYMENTS VALUES('16f82d3b-2556-bab9-6566-2e709d37a101','2020-11-16',14912,260112,196582)
COMMIT
INSERT INTO SCHEDULE_OF_PAYMENTS VALUES('574a4845-9e92-52ce-1524-1a60691dd348','2021-06-04',7085,915928,132476)
COMMIT
INSERT INTO SCHEDULE_OF_PAYMENTS VALUES('94958c4b-86a9-ea19-d58a-55e8e53777f0','2020-09-22',6225,478969,114667)
COMMIT
INSERT INTO SCHEDULE_OF_PAYMENTS VALUES('5cc5b402-9af0-cc11-9428-835316b5f65b','2020-03-28',7511,571369,171888)
COMMIT
INSERT INTO SCHEDULE_OF_PAYMENTS VALUES('beb49db4-6f2e-d62b-77ac-b3ddf8ed0b08','2021-04-27',9022,676196,161393)
COMMIT
INSERT INTO SCHEDULE_OF_PAYMENTS VALUES('71cf3e05-f5fb-0f6d-919c-83662f551bf2','2021-01-31',10880,391984,124300)
COMMIT
INSERT INTO SCHEDULE_OF_PAYMENTS VALUES('00da2eeb-531b-38bf-ac86-b5345ef62f05','2020-12-22',8608,147414,168933)
COMMIT
INSERT INTO SCHEDULE_OF_PAYMENTS VALUES('87817283-9ea2-0a83-f086-37811aae7a6b','2021-05-26',7107,361654,194433)
COMMIT
INSERT INTO SCHEDULE_OF_PAYMENTS VALUES('39f07da5-0fb4-4a2b-72b3-5e92f963e8c9','2021-09-01',2152,923788,119546)
COMMIT
INSERT INTO SCHEDULE_OF_PAYMENTS VALUES('f8a2cb9b-c23a-7812-a468-a45fd1f3640e','2022-01-18',12314,717261,135846)
COMMIT
INSERT INTO SCHEDULE_OF_PAYMENTS VALUES('e283673b-6663-8bf0-b31d-a93f86cac5d3','2020-12-30',10857,695081,185210)
COMMIT
DISCONNECT
/*C14*/SET SCHEMA PUBLIC
DISCONNECT
/*C15*/SET SCHEMA PUBLIC
INSERT INTO CREDIT_OFFERS VALUES('e865a6b9-126d-652b-6af2-903a3f28d188','41ee4d74-6397-2ab8-e0d7-0dc315b3faca','aa9a9f68-150e-666d-15c6-afc585e853f3',388200,'b77d65ad-0cd2-1406-02de-0b7d53b0325b')
COMMIT
INSERT INTO CREDIT_OFFERS VALUES('07959b74-7fa7-d4fa-ef38-c1f678c9fa5a','c08f4442-20c3-9e70-b09e-78a52c3f1dd0','4ff7d80d-34ed-7974-55bf-2b013d78f4ba',81680,'7498ee28-778b-ed06-c124-32b243eae726')
COMMIT
INSERT INTO CREDIT_OFFERS VALUES('fb3e5d6c-5a06-47b6-716b-b5cd3473bf8d','5e600e35-5102-a13d-ba1b-fb895fd602b1','72f1a08a-8b94-2c19-8455-ad9fdce980fe',108105,'926413ac-5fdd-3793-1573-e4446272f1e0')
COMMIT
INSERT INTO CREDIT_OFFERS VALUES('68b662a8-a11c-f0e7-e837-e2e5e5241d00','272e4706-3e4f-de3b-5a6b-0426535ff874','b5ebdc46-a920-8c1d-5f63-af5d0768b61f',949190,'9ff41a53-4733-298e-8365-7c42518d7c33')
COMMIT
INSERT INTO CREDIT_OFFERS VALUES('d15b2702-f25f-a628-3c9a-4301ad2296c8','23411139-30b6-5588-6f59-f8b69636a1e8','76c43e46-75a0-8459-1a0f-c26077f7b9b3',447172,'af32d342-8f99-a4c3-dbcf-1aaf3acc5a9f')
COMMIT
INSERT INTO CREDIT_OFFERS VALUES('90dcc1c0-82d9-6ea7-3aa7-29c4243375d6','9b2470d4-63a9-c5e5-9357-9a2f4a37222d','94e9edb7-0fd1-d0d4-edb8-a26aa035cb24',546466,'55a27305-c13b-b661-11a9-307dcbc2d83c')
COMMIT
INSERT INTO CREDIT_OFFERS VALUES('8b052f7f-e40e-a51b-cae4-789219797bdf','6d1d2e82-ca99-3556-7e80-51c8e3a3892b','9561391d-c50b-7d72-bdf8-683d048c31ff',326259,'593eb63d-4e47-f1b7-dc54-d8e9d69691f1')
COMMIT
INSERT INTO CREDIT_OFFERS VALUES('d258158b-a5af-def8-3b36-d4f65845ffc0','e8975179-9d5b-e52b-e5ee-7ecbaba9a2d4','23ab2297-f92d-a5c5-9c4e-55947ac6baff',130699,'654f3436-b525-396a-e8d0-7cc308714d85')
COMMIT
INSERT INTO CREDIT_OFFERS VALUES('1c5064ca-b82b-7f6a-da88-3b76c3274fb4','e186552e-acfd-3800-3c79-3a03e4bbee37','cfc5ca1f-5fcc-16bb-7f14-e92955469293',842750,'9fb047d4-3f4a-e55a-70f0-988fb515c25e')
COMMIT
INSERT INTO CREDIT_OFFERS VALUES('54e39de5-4629-1940-37f7-72c7abcde396','148b52f0-e57a-6ad6-293d-5b613aea6cb3','932dd65b-4ff8-ca34-365b-34c9c0c7fca5',439258,'16f82d3b-2556-bab9-6566-2e709d37a101')
COMMIT
INSERT INTO CREDIT_OFFERS VALUES('62bad8dd-530a-8ec8-9db1-b6852f6826fd','316c80d3-e168-7641-afc2-bc84e4766f9a','1b681187-34a1-0d80-aa3b-48fcedce8767',406161,'574a4845-9e92-52ce-1524-1a60691dd348')
COMMIT
INSERT INTO CREDIT_OFFERS VALUES('ddb5dd1f-6641-b0da-856a-1c99fdd3702e','833c095e-3bdd-61c5-2161-baa29bc029cd','77bd6468-3b2f-bfb8-f8b7-9f6beff2e0e5',684618,'94958c4b-86a9-ea19-d58a-55e8e53777f0')
COMMIT
INSERT INTO CREDIT_OFFERS VALUES('02a90983-bb84-417a-9343-e3d1d77afbaf','ce63cd5d-700a-acb7-fb70-77e2292777fc','143a88bf-be61-3dac-81bd-ed14c0cdc432',670818,'5cc5b402-9af0-cc11-9428-835316b5f65b')
COMMIT
INSERT INTO CREDIT_OFFERS VALUES('07c9749e-da93-8504-0975-d3fba94402d3','ff4637f0-4bcd-7772-b0f9-ef6fa51649b7','f6592036-c1ed-01a2-6d62-f3193ea93c21',219463,'beb49db4-6f2e-d62b-77ac-b3ddf8ed0b08')
COMMIT
INSERT INTO CREDIT_OFFERS VALUES('1028c149-1ca5-dd48-4f44-506453d87a98','9060ad28-fcda-ee16-67ba-468f8f0e49b3','eeba7d03-cadb-1546-4a5e-892c44c888b5',39935,'71cf3e05-f5fb-0f6d-919c-83662f551bf2')
COMMIT
INSERT INTO CREDIT_OFFERS VALUES('3b4551f1-c3ce-3511-14b4-974aee83f67c','fd72079e-642c-a55d-dc66-05f2757db47d','287576f6-64a2-bdd0-d8a0-30e196a53b22',57387,'00da2eeb-531b-38bf-ac86-b5345ef62f05')
COMMIT
INSERT INTO CREDIT_OFFERS VALUES('f69b4b74-7a7a-2894-24f0-959683fa6ec2','78bc045c-effb-8212-8e15-6608b3d1c97d','a7990d30-ac94-78c5-ff51-2f4132002e23',614822,'87817283-9ea2-0a83-f086-37811aae7a6b')
COMMIT
INSERT INTO CREDIT_OFFERS VALUES('7977ad1a-977f-312d-5e73-d57284b73b4c','41305550-31d3-e4c0-fb3d-cb44c5b05537','f40e86b2-1adf-dabc-acfc-a4aa65dc9a5d',31331,'39f07da5-0fb4-4a2b-72b3-5e92f963e8c9')
COMMIT
INSERT INTO CREDIT_OFFERS VALUES('23d2f704-d9fb-5b6a-5b0d-bd17ba0158ac','4bb6c1f2-a89d-f535-6b57-938833b9ed48','3921157d-2f0b-4239-5090-c68c0864d07b',56809,'f8a2cb9b-c23a-7812-a468-a45fd1f3640e')
COMMIT
INSERT INTO CREDIT_OFFERS VALUES('b241cca4-612e-c4d0-c02c-b584e55c0bd4','95adaf14-84bb-2c42-5772-6eafa7dc635a','cfea99ab-a54c-3b3d-289d-b6cb6035368d',599450,'e283673b-6663-8bf0-b31d-a93f86cac5d3')
COMMIT
DISCONNECT
/*C16*/SET SCHEMA PUBLIC
DISCONNECT
/*C17*/SET SCHEMA PUBLIC
DISCONNECT
